Archive member included to satisfy reference by file (symbol)

/opt/riscv/lib/gcc/riscv32-unknown-elf/12.1.0/libgcc.a(muldi3.o)
                              counter_la.elf-matmul.o (__mulsi3)

Memory Configuration

Name             Origin             Length             Attributes
vexriscv_debug   0x00000000f00f0000 0x0000000000000100
dff              0x0000000000000000 0x0000000000000400
dff2             0x0000000000000400 0x0000000000000200
flash            0x0000000010000000 0x0000000001000000
mprj             0x0000000030000000 0x0000000000100000
mprjram          0x0000000038000000 0x0000000000000200
adder            0x0000000038000200 0x0000000000000100
hk               0x0000000026000000 0x0000000000100000
csr              0x00000000f0000000 0x0000000000010000
*default*        0x0000000000000000 0xffffffffffffffff

Linker script and memory map

                0x0000000000000000                __DYNAMIC = 0x0

.text           0x0000000010000000      0x398
                0x0000000010000000                _ftext = .
 *crt0*(.text)
 .text          0x0000000010000000      0x174 counter_la.elf-crt0_vex.o
                0x0000000010000000                _start
                0x0000000010000020                trap_entry
 *crt0*(.text)
 *(.text.isr)
 *(.text .stub .text.* .gnu.linkonce.t.*)
 .text          0x0000000010000174       0x28 counter_la.elf-isr.o
                0x0000000010000174                isr
 .text          0x000000001000019c        0x0 counter_la.elf-matmul.o
 .text          0x000000001000019c      0x1d8 counter_la.elf-counter_la.o
                0x000000001000019c                putchar
                0x00000000100001e8                print
                0x0000000010000220                main
 .text          0x0000000010000374       0x24 /opt/riscv/lib/gcc/riscv32-unknown-elf/12.1.0/libgcc.a(muldi3.o)
                0x0000000010000374                __mulsi3
                0x0000000010000398                _etext = .

.rela.dyn       0x0000000010000398        0x0
 .rela.text     0x0000000010000398        0x0 counter_la.elf-crt0_vex.o

.rodata         0x0000000010000398        0x0
                0x0000000010000398                . = ALIGN (0x8)
 *fill*         0x0000000010000398        0x0 
                0x0000000010000398                _frodata = .
 *(.rodata .rodata.* .gnu.linkonce.r.*)
 *(.rodata1)
                0x0000000010000398                . = ALIGN (0x8)
                0x0000000010000398                _erodata = .

.data           0x0000000000000000        0x8 load address 0x0000000010000398
                0x0000000000000000                . = ALIGN (0x8)
                0x0000000000000000                _fdata = .
 *(.data .data.* .gnu.linkonce.d.*)
 .data          0x0000000000000000        0x0 counter_la.elf-crt0_vex.o
 .data          0x0000000000000000        0x0 counter_la.elf-isr.o
 .data          0x0000000000000000        0x0 counter_la.elf-matmul.o
 .data          0x0000000000000000        0x0 counter_la.elf-counter_la.o
 .data          0x0000000000000000        0x0 /opt/riscv/lib/gcc/riscv32-unknown-elf/12.1.0/libgcc.a(muldi3.o)
 *(.data1)
                0x0000000000000000                _gp = ALIGN (0x10)
 *(.sdata .sdata.* .gnu.linkonce.s.*)
 .sdata         0x0000000000000000        0x8 counter_la.elf-matmul.o
                0x0000000000000000                mat_addr
                0x0000000000000004                fir_addr
                0x0000000000000008                . = ALIGN (0x8)
                0x0000000000000008                _edata = .

.bss            0x0000000000000008       0x50 load address 0x00000000100003a0
                0x0000000000000008                . = ALIGN (0x8)
                0x0000000000000008                _fbss = .
 *(.dynsbss)
 *(.sbss .sbss.* .gnu.linkonce.sb.*)
 .sbss          0x0000000000000008        0x2 counter_la.elf-isr.o
                0x0000000000000008                flag
 *fill*         0x000000000000000a        0x2 
 .sbss          0x000000000000000c        0x8 counter_la.elf-matmul.o
                0x000000000000000c                mat_ptr
                0x0000000000000010                fir_ptr
 *(.scommon)
 *(.dynbss)
 *(.bss .bss.* .gnu.linkonce.b.*)
 .bss           0x0000000000000014        0x0 counter_la.elf-crt0_vex.o
 .bss           0x0000000000000014        0x0 counter_la.elf-isr.o
 .bss           0x0000000000000014       0x40 counter_la.elf-matmul.o
                0x0000000000000014                result
 .bss           0x0000000000000054        0x0 counter_la.elf-counter_la.o
 .bss           0x0000000000000054        0x0 /opt/riscv/lib/gcc/riscv32-unknown-elf/12.1.0/libgcc.a(muldi3.o)
 *(COMMON)
                0x0000000000000058                . = ALIGN (0x8)
 *fill*         0x0000000000000054        0x4 
                0x0000000000000058                _ebss = .
                0x0000000000000058                _end = .

.mprjram        0x0000000038000000      0x138 load address 0x00000000100003a0
                0x0000000038000000                . = ALIGN (0x8)
                0x0000000038000000                _fsram = .
 .mprjram       0x0000000038000000      0x138 counter_la.elf-matmul.o
                0x0000000038000000                matmul
                0x00000000380000fc                dma

.adder          0x0000000038000200       0x80 load address 0x00000000100004d8
                0x0000000038000200                . = ALIGN (0x8)
                0x0000000038000200                _fadderram = .
 .adder         0x0000000038000200       0x80 counter_la.elf-matmul.o
                0x0000000038000200                A
                0x0000000038000240                B
                0x0000000000000600                PROVIDE (_fstack = (ORIGIN (dff2) + LENGTH (dff2)))
                0x0000000010000398                PROVIDE (_fdata_rom = LOADADDR (.data))
                [!provide]                        PROVIDE (_edata_rom = (LOADADDR (.data) + SIZEOF (.data)))
                0x0000000038000138                PROVIDE (_esram = (ORIGIN (mprjram) + SIZEOF (.mprjram)))
                0x00000000100003a0                PROVIDE (_esram_rom = LOADADDR (.mprjram))
                0x0000000038000280                PROVIDE (_eadderram = (ORIGIN (adder) + SIZEOF (.adder)))
                0x00000000100004d8                PROVIDE (_eadderram_rom = LOADADDR (.adder))
LOAD counter_la.elf-crt0_vex.o
LOAD counter_la.elf-isr.o
LOAD counter_la.elf-matmul.o
LOAD counter_la.elf-counter_la.o
LOAD /opt/riscv/lib/gcc/riscv32-unknown-elf/12.1.0/libgcc.a
OUTPUT(counter_la.elf elf32-littleriscv)

.riscv.attributes
                0x0000000000000000       0x20
 .riscv.attributes
                0x0000000000000000       0x1e counter_la.elf-crt0_vex.o
 .riscv.attributes
                0x000000000000001e       0x20 counter_la.elf-isr.o
 .riscv.attributes
                0x000000000000003e       0x1c counter_la.elf-matmul.o
 .riscv.attributes
                0x000000000000005a       0x1c counter_la.elf-counter_la.o
 .riscv.attributes
                0x0000000000000076       0x1a /opt/riscv/lib/gcc/riscv32-unknown-elf/12.1.0/libgcc.a(muldi3.o)

.comment        0x0000000000000000       0x1b
 .comment       0x0000000000000000       0x1b counter_la.elf-isr.o
                                         0x1c (size before relaxing)
 .comment       0x000000000000001b       0x1c counter_la.elf-matmul.o
 .comment       0x000000000000001b       0x1c counter_la.elf-counter_la.o

.debug_line     0x0000000000000000      0xa57
 .debug_line    0x0000000000000000      0x23a counter_la.elf-crt0_vex.o
 .debug_line    0x000000000000023a       0xb3 counter_la.elf-isr.o
 .debug_line    0x00000000000002ed      0x1eb counter_la.elf-matmul.o
 .debug_line    0x00000000000004d8      0x505 counter_la.elf-counter_la.o
 .debug_line    0x00000000000009dd       0x7a /opt/riscv/lib/gcc/riscv32-unknown-elf/12.1.0/libgcc.a(muldi3.o)

.debug_line_str
                0x0000000000000000      0x185
 .debug_line_str
                0x0000000000000000       0x5a counter_la.elf-crt0_vex.o
 .debug_line_str
                0x000000000000005a       0x62 counter_la.elf-isr.o
                                         0xfd (size before relaxing)
 .debug_line_str
                0x00000000000000bc       0x21 counter_la.elf-matmul.o
                                        0x105 (size before relaxing)
 .debug_line_str
                0x00000000000000dd       0x14 counter_la.elf-counter_la.o
                                        0x100 (size before relaxing)
 .debug_line_str
                0x00000000000000f1       0x94 /opt/riscv/lib/gcc/riscv32-unknown-elf/12.1.0/libgcc.a(muldi3.o)

.debug_info     0x0000000000000000      0x410
 .debug_info    0x0000000000000000       0x25 counter_la.elf-crt0_vex.o
 .debug_info    0x0000000000000025       0xdc counter_la.elf-isr.o
 .debug_info    0x0000000000000101      0x192 counter_la.elf-matmul.o
 .debug_info    0x0000000000000293      0x14e counter_la.elf-counter_la.o
 .debug_info    0x00000000000003e1       0x2f /opt/riscv/lib/gcc/riscv32-unknown-elf/12.1.0/libgcc.a(muldi3.o)

.debug_abbrev   0x0000000000000000      0x2e8
 .debug_abbrev  0x0000000000000000       0x14 counter_la.elf-crt0_vex.o
 .debug_abbrev  0x0000000000000014       0xa2 counter_la.elf-isr.o
 .debug_abbrev  0x00000000000000b6      0x100 counter_la.elf-matmul.o
 .debug_abbrev  0x00000000000001b6      0x111 counter_la.elf-counter_la.o
 .debug_abbrev  0x00000000000002c7       0x21 /opt/riscv/lib/gcc/riscv32-unknown-elf/12.1.0/libgcc.a(muldi3.o)

.debug_aranges  0x0000000000000000       0xa8
 .debug_aranges
                0x0000000000000000       0x20 counter_la.elf-crt0_vex.o
 .debug_aranges
                0x0000000000000020       0x20 counter_la.elf-isr.o
 .debug_aranges
                0x0000000000000040       0x28 counter_la.elf-matmul.o
 .debug_aranges
                0x0000000000000068       0x20 counter_la.elf-counter_la.o
 .debug_aranges
                0x0000000000000088       0x20 /opt/riscv/lib/gcc/riscv32-unknown-elf/12.1.0/libgcc.a(muldi3.o)

.debug_str      0x0000000000000000      0x21a
 .debug_str     0x0000000000000000       0x66 counter_la.elf-crt0_vex.o
 .debug_str     0x0000000000000066       0xce counter_la.elf-isr.o
                                        0x107 (size before relaxing)
 .debug_str     0x0000000000000134       0x3f counter_la.elf-matmul.o
                                        0x127 (size before relaxing)
 .debug_str     0x0000000000000173       0x13 counter_la.elf-counter_la.o
                                        0x107 (size before relaxing)
 .debug_str     0x0000000000000186       0x94 /opt/riscv/lib/gcc/riscv32-unknown-elf/12.1.0/libgcc.a(muldi3.o)
                                         0xa9 (size before relaxing)

.debug_loclists
                0x0000000000000000       0xdd
 .debug_loclists
                0x0000000000000000       0x19 counter_la.elf-isr.o
 .debug_loclists
                0x0000000000000019       0x62 counter_la.elf-matmul.o
 .debug_loclists
                0x000000000000007b       0x62 counter_la.elf-counter_la.o

.debug_frame    0x0000000000000000      0x104
 .debug_frame   0x0000000000000000       0x20 counter_la.elf-isr.o
 .debug_frame   0x0000000000000020       0x6c counter_la.elf-matmul.o
 .debug_frame   0x000000000000008c       0x78 counter_la.elf-counter_la.o

.debug_rnglists
                0x0000000000000000       0x1f
 .debug_rnglists
                0x0000000000000000       0x1f counter_la.elf-matmul.o
