Archive member included to satisfy reference by file (symbol)

/opt/riscv/lib/gcc/riscv32-unknown-elf/12.1.0/libgcc.a(muldi3.o)
                              counter_la.elf-matmul.o (__mulsi3)

Memory Configuration

Name             Origin             Length             Attributes
vexriscv_debug   0x00000000f00f0000 0x0000000000000100
dff              0x0000000000000000 0x0000000000000400
dff2             0x0000000000000400 0x0000000000000200
flash            0x0000000010000000 0x0000000001000000
mprj             0x0000000030000000 0x0000000000100000
mprjram          0x0000000038000000 0x0000000000000200
adder            0x0000000038000200 0x0000000000000100
hk               0x0000000026000000 0x0000000000100000
csr              0x00000000f0000000 0x0000000000010000
*default*        0x0000000000000000 0xffffffffffffffff

Linker script and memory map

                0x0000000000000000                __DYNAMIC = 0x0

.text           0x0000000010000000      0x758
                0x0000000010000000                _ftext = .
 *crt0*(.text)
 .text          0x0000000010000000      0x174 counter_la.elf-crt0_vex.o
                0x0000000010000000                _start
                0x0000000010000020                trap_entry
 *crt0*(.text)
 *(.text.isr)
 *(.text .stub .text.* .gnu.linkonce.t.*)
 .text          0x0000000010000174       0xb4 counter_la.elf-isr.o
                0x00000000100001d4                isr
 .text          0x0000000010000228        0x0 counter_la.elf-matmul.o
 .text          0x0000000010000228        0x0 counter_la.elf-dma.o
 .text          0x0000000010000228      0x50c counter_la.elf-counter_la.o
                0x0000000010000260                putchar
                0x00000000100002c8                print
                0x000000001000031c                main
 .text          0x0000000010000734       0x24 /opt/riscv/lib/gcc/riscv32-unknown-elf/12.1.0/libgcc.a(muldi3.o)
                0x0000000010000734                __mulsi3
                0x0000000010000758                _etext = .

.rela.dyn       0x0000000010000758        0x0
 .rela.text     0x0000000010000758        0x0 counter_la.elf-crt0_vex.o

.rodata         0x0000000010000758        0x0
                0x0000000010000758                . = ALIGN (0x8)
 *fill*         0x0000000010000758        0x0 
                0x0000000010000758                _frodata = .
 *(.rodata .rodata.* .gnu.linkonce.r.*)
 *(.rodata1)
                0x0000000010000758                . = ALIGN (0x8)
                0x0000000010000758                _erodata = .

.data           0x0000000000000000        0x8 load address 0x0000000010000758
                0x0000000000000000                . = ALIGN (0x8)
                0x0000000000000000                _fdata = .
 *(.data .data.* .gnu.linkonce.d.*)
 .data          0x0000000000000000        0x0 counter_la.elf-crt0_vex.o
 .data          0x0000000000000000        0x0 counter_la.elf-isr.o
 .data          0x0000000000000000        0x0 counter_la.elf-matmul.o
 .data          0x0000000000000000        0x0 counter_la.elf-dma.o
 .data          0x0000000000000000        0x0 counter_la.elf-counter_la.o
 .data          0x0000000000000000        0x0 /opt/riscv/lib/gcc/riscv32-unknown-elf/12.1.0/libgcc.a(muldi3.o)
 *(.data1)
                0x0000000000000000                _gp = ALIGN (0x10)
 *(.sdata .sdata.* .gnu.linkonce.s.*)
 .sdata         0x0000000000000000        0x4 counter_la.elf-dma.o
                0x0000000000000000                inst_addr
                0x0000000000000008                . = ALIGN (0x8)
 *fill*         0x0000000000000004        0x4 
                0x0000000000000008                _edata = .

.bss            0x0000000000000008       0x48 load address 0x0000000010000760
                0x0000000000000008                . = ALIGN (0x8)
                0x0000000000000008                _fbss = .
 *(.dynsbss)
 *(.sbss .sbss.* .gnu.linkonce.sb.*)
 .sbss          0x0000000000000008        0x2 counter_la.elf-isr.o
                0x0000000000000008                flag
 *fill*         0x000000000000000a        0x2 
 .sbss          0x000000000000000c        0x4 counter_la.elf-dma.o
                0x000000000000000c                inst_ptr
 *(.scommon)
 *(.dynbss)
 *(.bss .bss.* .gnu.linkonce.b.*)
 .bss           0x0000000000000010        0x0 counter_la.elf-crt0_vex.o
 .bss           0x0000000000000010        0x0 counter_la.elf-isr.o
 .bss           0x0000000000000010       0x40 counter_la.elf-matmul.o
                0x0000000000000010                result
 .bss           0x0000000000000050        0x0 counter_la.elf-dma.o
 .bss           0x0000000000000050        0x0 counter_la.elf-counter_la.o
 .bss           0x0000000000000050        0x0 /opt/riscv/lib/gcc/riscv32-unknown-elf/12.1.0/libgcc.a(muldi3.o)
 *(COMMON)
                0x0000000000000050                . = ALIGN (0x8)
                0x0000000000000050                _ebss = .
                0x0000000000000050                _end = .

.mprjram        0x0000000038000000      0x1c0 load address 0x0000000010000760
                0x0000000038000000                . = ALIGN (0x8)
                0x0000000038000000                _fsram = .
 .mprjram       0x0000000038000000      0x124 counter_la.elf-matmul.o
                0x0000000038000000                matmul
 .mprjram       0x0000000038000124       0x9c counter_la.elf-dma.o
                0x0000000038000124                dma

.adder          0x0000000038000200       0x80 load address 0x0000000010000920
                0x0000000038000200                . = ALIGN (0x8)
                0x0000000038000200                _fadderram = .
 .adder         0x0000000038000200       0x80 counter_la.elf-matmul.o
                0x0000000038000200                A
                0x0000000038000240                B
                0x0000000000000600                PROVIDE (_fstack = (ORIGIN (dff2) + LENGTH (dff2)))
                0x0000000010000758                PROVIDE (_fdata_rom = LOADADDR (.data))
                [!provide]                        PROVIDE (_edata_rom = (LOADADDR (.data) + SIZEOF (.data)))
                0x00000000380001c0                PROVIDE (_esram = (ORIGIN (mprjram) + SIZEOF (.mprjram)))
                0x0000000010000760                PROVIDE (_esram_rom = LOADADDR (.mprjram))
                0x0000000038000280                PROVIDE (_eadderram = (ORIGIN (adder) + SIZEOF (.adder)))
                0x0000000010000920                PROVIDE (_eadderram_rom = LOADADDR (.adder))
LOAD counter_la.elf-crt0_vex.o
LOAD counter_la.elf-isr.o
LOAD counter_la.elf-matmul.o
LOAD counter_la.elf-dma.o
LOAD counter_la.elf-counter_la.o
LOAD /opt/riscv/lib/gcc/riscv32-unknown-elf/12.1.0/libgcc.a
OUTPUT(counter_la.elf elf32-littleriscv)

.riscv.attributes
                0x0000000000000000       0x20
 .riscv.attributes
                0x0000000000000000       0x1e counter_la.elf-crt0_vex.o
 .riscv.attributes
                0x000000000000001e       0x20 counter_la.elf-isr.o
 .riscv.attributes
                0x000000000000003e       0x1c counter_la.elf-matmul.o
 .riscv.attributes
                0x000000000000005a       0x1c counter_la.elf-dma.o
 .riscv.attributes
                0x0000000000000076       0x1c counter_la.elf-counter_la.o
 .riscv.attributes
                0x0000000000000092       0x1a /opt/riscv/lib/gcc/riscv32-unknown-elf/12.1.0/libgcc.a(muldi3.o)

.comment        0x0000000000000000       0x1b
 .comment       0x0000000000000000       0x1b counter_la.elf-isr.o
                                         0x1c (size before relaxing)
 .comment       0x000000000000001b       0x1c counter_la.elf-matmul.o
 .comment       0x000000000000001b       0x1c counter_la.elf-dma.o
 .comment       0x000000000000001b       0x1c counter_la.elf-counter_la.o

.debug_line     0x0000000000000000      0xaaf
 .debug_line    0x0000000000000000      0x23a counter_la.elf-crt0_vex.o
 .debug_line    0x000000000000023a       0xd1 counter_la.elf-isr.o
 .debug_line    0x000000000000030b      0x173 counter_la.elf-matmul.o
 .debug_line    0x000000000000047e       0xe0 counter_la.elf-dma.o
 .debug_line    0x000000000000055e      0x4d7 counter_la.elf-counter_la.o
 .debug_line    0x0000000000000a35       0x7a /opt/riscv/lib/gcc/riscv32-unknown-elf/12.1.0/libgcc.a(muldi3.o)

.debug_line_str
                0x0000000000000000      0x1a9
 .debug_line_str
                0x0000000000000000       0x5a counter_la.elf-crt0_vex.o
 .debug_line_str
                0x000000000000005a       0x6b counter_la.elf-isr.o
                                        0x106 (size before relaxing)
 .debug_line_str
                0x00000000000000c5       0x21 counter_la.elf-matmul.o
                                         0xc2 (size before relaxing)
 .debug_line_str
                0x00000000000000e6       0x1b counter_la.elf-dma.o
                                         0xf9 (size before relaxing)
 .debug_line_str
                0x0000000000000101       0x14 counter_la.elf-counter_la.o
                                        0x109 (size before relaxing)
 .debug_line_str
                0x0000000000000115       0x94 /opt/riscv/lib/gcc/riscv32-unknown-elf/12.1.0/libgcc.a(muldi3.o)

.debug_info     0x0000000000000000      0x436
 .debug_info    0x0000000000000000       0x25 counter_la.elf-crt0_vex.o
 .debug_info    0x0000000000000025       0xed counter_la.elf-isr.o
 .debug_info    0x0000000000000112       0xdc counter_la.elf-matmul.o
 .debug_info    0x00000000000001ee       0xe6 counter_la.elf-dma.o
 .debug_info    0x00000000000002d4      0x133 counter_la.elf-counter_la.o
 .debug_info    0x0000000000000407       0x2f /opt/riscv/lib/gcc/riscv32-unknown-elf/12.1.0/libgcc.a(muldi3.o)

.debug_abbrev   0x0000000000000000      0x327
 .debug_abbrev  0x0000000000000000       0x14 counter_la.elf-crt0_vex.o
 .debug_abbrev  0x0000000000000014       0xa9 counter_la.elf-isr.o
 .debug_abbrev  0x00000000000000bd       0xbb counter_la.elf-matmul.o
 .debug_abbrev  0x0000000000000178       0xa9 counter_la.elf-dma.o
 .debug_abbrev  0x0000000000000221       0xe5 counter_la.elf-counter_la.o
 .debug_abbrev  0x0000000000000306       0x21 /opt/riscv/lib/gcc/riscv32-unknown-elf/12.1.0/libgcc.a(muldi3.o)

.debug_aranges  0x0000000000000000       0xc0
 .debug_aranges
                0x0000000000000000       0x20 counter_la.elf-crt0_vex.o
 .debug_aranges
                0x0000000000000020       0x20 counter_la.elf-isr.o
 .debug_aranges
                0x0000000000000040       0x20 counter_la.elf-matmul.o
 .debug_aranges
                0x0000000000000060       0x20 counter_la.elf-dma.o
 .debug_aranges
                0x0000000000000080       0x20 counter_la.elf-counter_la.o
 .debug_aranges
                0x00000000000000a0       0x20 /opt/riscv/lib/gcc/riscv32-unknown-elf/12.1.0/libgcc.a(muldi3.o)

.debug_str      0x0000000000000000      0x234
 .debug_str     0x0000000000000000       0x66 counter_la.elf-crt0_vex.o
 .debug_str     0x0000000000000066       0xec counter_la.elf-isr.o
                                        0x125 (size before relaxing)
 .debug_str     0x0000000000000152       0x14 counter_la.elf-matmul.o
                                         0x78 (size before relaxing)
 .debug_str     0x0000000000000166       0x1e counter_la.elf-dma.o
                                        0x102 (size before relaxing)
 .debug_str     0x0000000000000184       0x13 counter_la.elf-counter_la.o
                                        0x125 (size before relaxing)
 .debug_str     0x0000000000000197       0x9d /opt/riscv/lib/gcc/riscv32-unknown-elf/12.1.0/libgcc.a(muldi3.o)
                                         0xa9 (size before relaxing)

.debug_frame    0x0000000000000000      0x1e0
 .debug_frame   0x0000000000000000       0xa4 counter_la.elf-isr.o
 .debug_frame   0x00000000000000a4       0x38 counter_la.elf-matmul.o
 .debug_frame   0x00000000000000dc       0x34 counter_la.elf-dma.o
 .debug_frame   0x0000000000000110       0xd0 counter_la.elf-counter_la.o

.debug_rnglists
                0x0000000000000000       0x2c
 .debug_rnglists
                0x0000000000000000       0x16 counter_la.elf-matmul.o
 .debug_rnglists
                0x0000000000000016       0x16 counter_la.elf-dma.o
